{
  "exclude": {
    "files": null,
    "lines": null
  },
  "generated_at": "2026-07-10T19:12:48Z",
  "plugins_used": [
    {
      "name": "AWSKeyDetector"
    },
    {
      "name": "ArtifactoryDetector"
    },
    {
      "name": "AzureStorageKeyDetector"
    },
    {
      "base64_limit": 4.5,
      "name": "Base64HighEntropyString"
    },
    {
      "name": "BasicAuthDetector"
    },
    {
      "name": "BoxDetector"
    },
    {
      "name": "CloudantDetector"
    },
    {
      "ghe_instance": "github.ibm.com",
      "name": "GheDetector"
    },
    {
      "name": "GitHubTokenDetector"
    },
    {
      "hex_limit": 3,
      "name": "HexHighEntropyString"
    },
    {
      "name": "IbmCloudIamDetector"
    },
    {
      "name": "IbmCosHmacDetector"
    },
    {
      "name": "JwtTokenDetector"
    },
    {
      "keyword_exclude": null,
      "name": "KeywordDetector"
    },
    {
      "name": "MailchimpDetector"
    },
    {
      "name": "NpmDetector"
    },
    {
      "name": "PrivateKeyDetector"
    },
    {
      "name": "SlackDetector"
    },
    {
      "name": "SoftlayerDetector"
    },
    {
      "name": "SquareOAuthDetector"
    },
    {
      "name": "StripeDetector"
    },
    {
      "name": "TwilioKeyDetector"
    }
  ],
  "results": {
    ".env.example": [
      {
        "hashed_secret": "4dc73741b9473168444fab7e680b439ba69f41ec",
        "is_secret": false,
        "is_verified": false,
        "line_number": 3,
        "type": "Secret Keyword",
        "verified_result": null
      }
    ],
    "package-lock.json": [
      {
        "hashed_secret": "89c31fa0d6838019bc29341b448d189aa712045b",
        "is_secret": false,
        "is_verified": false,
        "line_number": 21,
        "type": "Base64 High Entropy String",
        "verified_result": null
      },
      {
        "hashed_secret": "93aa782c4df17b6541e0e372240cf197066bab69",
        "is_secret": false,
        "is_verified": false,
        "line_number": 33,
        "type": "Base64 High Entropy String",
        "verified_result": null
      },
      {
        "hashed_secret": "3165aeec45a531bca4274a9a152b2091b99bf960",
        "is_secret": false,
        "is_verified": false,
        "line_number": 38,
        "type": "Base64 High Entropy String",
        "verified_result": null
      },
      {
        "hashed_secret": "c61921cb03b0d17c9d180fa6d2d765269458f5e9",
        "is_secret": false,
        "is_verified": false,
        "line_number": 61,
        "type": "Base64 High Entropy String",
        "verified_result": null
      },
      {
        "hashed_secret": "53657c420dcb2f2c37521afa600bd63cb3625c23",
        "is_secret": false,
        "is_verified": false,
        "line_number": 69,
        "type": "Base64 High Entropy String",
        "verified_result": null
      },
      {
        "hashed_secret": "f52956fa7c317746fde250d0f4e54d6115252cd4",
        "is_secret": false,
        "is_verified": false,
        "line_number": 84,
        "type": "Base64 High Entropy String",
        "verified_result": null
      },
      {
        "hashed_secret": "7f104c1c37e525afe159a7b26fe2782992e9c896",
        "is_secret": false,
        "is_verified": false,
        "line_number": 95,
        "type": "Base64 High Entropy String",
        "verified_result": null
      },
      {
        "hashed_secret": "5c41822f05c632ab0ea5a83c2153196107e7e48a",
        "is_secret": false,
        "is_verified": false,
        "line_number": 103,
        "type": "Base64 High Entropy String",
        "verified_result": null
      },
      {
        "hashed_secret": "0126e1c37886a7ddcb7c64bbaeba26fbc7350779",
        "is_secret": false,
        "is_verified": false,
        "line_number": 111,
        "type": "Base64 High Entropy String",
        "verified_result": null
      },
      {
        "hashed_secret": "8e948a3b773d1a2e4b6f4220216efa734315246d",
        "is_secret": false,
        "is_verified": false,
        "line_number": 116,
        "type": "Base64 High Entropy String",
        "verified_result": null
      },
      {
        "hashed_secret": "0d18d461f348476153b9b5741beda942f5b825fc",
        "is_secret": false,
        "is_verified": false,
        "line_number": 124,
        "type": "Base64 High Entropy String",
        "verified_result": null
      },
      {
        "hashed_secret": "c5deff9c59d0e0419952da44431546620804d70e",
        "is_secret": false,
        "is_verified": false,
        "line_number": 137,
        "type": "Base64 High Entropy String",
        "verified_result": null
      },
      {
        "hashed_secret": "572b5e5253ab86ef535e76d891766cc1a17ee6a5",
        "is_secret": false,
        "is_verified": false,
        "line_number": 145,
        "type": "Base64 High Entropy String",
        "verified_result": null
      },
      {
        "hashed_secret": "13d4fba9b83a5fa25b7d99f7ac6f82ded42a3c41",
        "is_secret": false,
        "is_verified": false,
        "line_number": 154,
        "type": "Base64 High Entropy String",
        "verified_result": null
      },
      {
        "hashed_secret": "4d50b55900617c8d08097c03af9667c135c1fc24",
        "is_secret": false,
        "is_verified": false,
        "line_number": 162,
        "type": "Base64 High Entropy String",
        "verified_result": null
      },
      {
        "hashed_secret": "2a0c5c01be780688ae4faf4a3e1cb6e48c50dc23",
        "is_secret": false,
        "is_verified": false,
        "line_number": 167,
        "type": "Base64 High Entropy String",
        "verified_result": null
      },
      {
        "hashed_secret": "d3249dbe72013470b4c48b981c7e8b6fe710d933",
        "is_secret": false,
        "is_verified": false,
        "line_number": 175,
        "type": "Base64 High Entropy String",
        "verified_result": null
      },
      {
        "hashed_secret": "cf75ddffbc923b32123e91e069fbcb97ac39c4d9",
        "is_secret": false,
        "is_verified": false,
        "line_number": 186,
        "type": "Base64 High Entropy String",
        "verified_result": null
      },
      {
        "hashed_secret": "cc0394ae9ff7278ac1f8ba8305e06627798ae34b",
        "is_secret": false,
        "is_verified": false,
        "line_number": 194,
        "type": "Base64 High Entropy String",
        "verified_result": null
      },
      {
        "hashed_secret": "3b9b4f0e0dc452a1ab51ff9a7e649171b0b54a70",
        "is_secret": false,
        "is_verified": false,
        "line_number": 199,
        "type": "Base64 High Entropy String",
        "verified_result": null
      },
      {
        "hashed_secret": "030fd33a7a056f197ef34c37cfcb73f470df0612",
        "is_secret": false,
        "is_verified": false,
        "line_number": 207,
        "type": "Base64 High Entropy String",
        "verified_result": null
      },
      {
        "hashed_secret": "608a2b22745aedb3dff3a03315104b03db3bc18a",
        "is_secret": false,
        "is_verified": false,
        "line_number": 248,
        "type": "Base64 High Entropy String",
        "verified_result": null
      },
      {
        "hashed_secret": "dc9a2ba629796d6ef3323496eb952461f964e115",
        "is_secret": false,
        "is_verified": false,
        "line_number": 265,
        "type": "Base64 High Entropy String",
        "verified_result": null
      },
      {
        "hashed_secret": "67e1630eef767c17f165bed8793abff78d5d53ac",
        "is_secret": false,
        "is_verified": false,
        "line_number": 273,
        "type": "Base64 High Entropy String",
        "verified_result": null
      },
      {
        "hashed_secret": "e7f54899a1654525fbfb1d8c3ac44d632f655af1",
        "is_secret": false,
        "is_verified": false,
        "line_number": 281,
        "type": "Base64 High Entropy String",
        "verified_result": null
      },
      {
        "hashed_secret": "688da6fe069a3a5dd1d4e73d4ab7d17fa23af18b",
        "is_secret": false,
        "is_verified": false,
        "line_number": 286,
        "type": "Base64 High Entropy String",
        "verified_result": null
      },
      {
        "hashed_secret": "9338f3fa6edf38b34ba03eb64ab4225ae72123f0",
        "is_secret": false,
        "is_verified": false,
        "line_number": 301,
        "type": "Base64 High Entropy String",
        "verified_result": null
      },
      {
        "hashed_secret": "71b8927fbe4bf203ff52222400dd33ee89aa77af",
        "is_secret": false,
        "is_verified": false,
        "line_number": 309,
        "type": "Base64 High Entropy String",
        "verified_result": null
      },
      {
        "hashed_secret": "0c1809ac01a645cb0250087a481bf3312205f2d2",
        "is_secret": false,
        "is_verified": false,
        "line_number": 317,
        "type": "Base64 High Entropy String",
        "verified_result": null
      },
      {
        "hashed_secret": "097893233346336f4003acfb6eb173ee59e648f0",
        "is_secret": false,
        "is_verified": false,
        "line_number": 325,
        "type": "Base64 High Entropy String",
        "verified_result": null
      },
      {
        "hashed_secret": "f52c08f63289414b8da2ea1271f68c9e1d6338ea",
        "is_secret": false,
        "is_verified": false,
        "line_number": 333,
        "type": "Base64 High Entropy String",
        "verified_result": null
      },
      {
        "hashed_secret": "ebf396301cd5f2bffdd5e7e25066a15ea189798d",
        "is_secret": false,
        "is_verified": false,
        "line_number": 344,
        "type": "Base64 High Entropy String",
        "verified_result": null
      },
      {
        "hashed_secret": "3e6c18abd5b90c63da0bd8b4c0d3a142e3d5a83d",
        "is_secret": false,
        "is_verified": false,
        "line_number": 359,
        "type": "Base64 High Entropy String",
        "verified_result": null
      },
      {
        "hashed_secret": "cf09cb791688fe019284bfdc362abc41918645a5",
        "is_secret": false,
        "is_verified": false,
        "line_number": 370,
        "type": "Base64 High Entropy String",
        "verified_result": null
      },
      {
        "hashed_secret": "89b283ab50bf537dfbd64a59830fb7dda89eb546",
        "is_secret": false,
        "is_verified": false,
        "line_number": 375,
        "type": "Base64 High Entropy String",
        "verified_result": null
      },
      {
        "hashed_secret": "6d9b084d96db1dbb8553621d63359d81d0886d8d",
        "is_secret": false,
        "is_verified": false,
        "line_number": 383,
        "type": "Base64 High Entropy String",
        "verified_result": null
      },
      {
        "hashed_secret": "d7cdb9c755d36ef6bba01ff385c215194d07c523",
        "is_secret": false,
        "is_verified": false,
        "line_number": 391,
        "type": "Base64 High Entropy String",
        "verified_result": null
      },
      {
        "hashed_secret": "d7c39664c403d1fecb3d1e330ad65a00bab67629",
        "is_secret": false,
        "is_verified": false,
        "line_number": 402,
        "type": "Base64 High Entropy String",
        "verified_result": null
      },
      {
        "hashed_secret": "33424d6062b147852810a1b4e7d5cd675caa3231",
        "is_secret": false,
        "is_verified": false,
        "line_number": 410,
        "type": "Base64 High Entropy String",
        "verified_result": null
      },
      {
        "hashed_secret": "22f475d09df2c53aa6332a6d7aa6ac7e2cc09481",
        "is_secret": false,
        "is_verified": false,
        "line_number": 415,
        "type": "Base64 High Entropy String",
        "verified_result": null
      },
      {
        "hashed_secret": "5c270f653b2fcd5b7c700b53f8543df4147a4aba",
        "is_secret": false,
        "is_verified": false,
        "line_number": 423,
        "type": "Base64 High Entropy String",
        "verified_result": null
      },
      {
        "hashed_secret": "838abb1331a160bdd441c25a2a2d44332ee8694b",
        "is_secret": false,
        "is_verified": false,
        "line_number": 434,
        "type": "Base64 High Entropy String",
        "verified_result": null
      },
      {
        "hashed_secret": "e6525dbd438fc8858b0d56c59d164f403792ba1e",
        "is_secret": false,
        "is_verified": false,
        "line_number": 442,
        "type": "Base64 High Entropy String",
        "verified_result": null
      },
      {
        "hashed_secret": "612b70ad4343adbb09a9cacc2fd28d7a2eae9313",
        "is_secret": false,
        "is_verified": false,
        "line_number": 453,
        "type": "Base64 High Entropy String",
        "verified_result": null
      },
      {
        "hashed_secret": "4882a3f560bc1bf6d57e2e0d1bf68d2568e76dae",
        "is_secret": false,
        "is_verified": false,
        "line_number": 458,
        "type": "Base64 High Entropy String",
        "verified_result": null
      },
      {
        "hashed_secret": "63d9b233c4c6726db3eea4d792836aefd414617f",
        "is_secret": false,
        "is_verified": false,
        "line_number": 466,
        "type": "Base64 High Entropy String",
        "verified_result": null
      },
      {
        "hashed_secret": "b3c7c556ec9e860bb18159a67047cb8efff33de9",
        "is_secret": false,
        "is_verified": false,
        "line_number": 474,
        "type": "Base64 High Entropy String",
        "verified_result": null
      },
      {
        "hashed_secret": "0acc1a91797fe73c2cd03d01515077ccb9af0a91",
        "is_secret": false,
        "is_verified": false,
        "line_number": 482,
        "type": "Base64 High Entropy String",
        "verified_result": null
      },
      {
        "hashed_secret": "1fd960f79ff7ccd39310bfdf81fba2b2663b71d0",
        "is_secret": false,
        "is_verified": false,
        "line_number": 490,
        "type": "Base64 High Entropy String",
        "verified_result": null
      },
      {
        "hashed_secret": "4406819b6db4fdb6fab66eec55e6a7f584d7fbc4",
        "is_secret": false,
        "is_verified": false,
        "line_number": 501,
        "type": "Base64 High Entropy String",
        "verified_result": null
      },
      {
        "hashed_secret": "ae745d719f97b3ddb9791348b1f29ff8208c0c5c",
        "is_secret": false,
        "is_verified": false,
        "line_number": 515,
        "type": "Base64 High Entropy String",
        "verified_result": null
      },
      {
        "hashed_secret": "78cac34debb068504165d4e64975947b641f5da8",
        "is_secret": false,
        "is_verified": false,
        "line_number": 523,
        "type": "Base64 High Entropy String",
        "verified_result": null
      },
      {
        "hashed_secret": "2a416cdbfc3b4651a6d04d447938ace3ff9c7b6a",
        "is_secret": false,
        "is_verified": false,
        "line_number": 528,
        "type": "Base64 High Entropy String",
        "verified_result": null
      },
      {
        "hashed_secret": "74c02042c22452036c291b91c062682fd2115d35",
        "is_secret": false,
        "is_verified": false,
        "line_number": 540,
        "type": "Base64 High Entropy String",
        "verified_result": null
      },
      {
        "hashed_secret": "8287678ab8009ae16b02930c9e260d1f28578fbe",
        "is_secret": false,
        "is_verified": false,
        "line_number": 551,
        "type": "Base64 High Entropy String",
        "verified_result": null
      },
      {
        "hashed_secret": "1233ad875b4ae7f0bab0b28dbae2127a4f9f738a",
        "is_secret": false,
        "is_verified": false,
        "line_number": 559,
        "type": "Base64 High Entropy String",
        "verified_result": null
      },
      {
        "hashed_secret": "ae48b3e3579f36eb92c1664bc519e862c6090603",
        "is_secret": false,
        "is_verified": false,
        "line_number": 573,
        "type": "Base64 High Entropy String",
        "verified_result": null
      },
      {
        "hashed_secret": "dab00d860d09dd9092b16718edd82bb24a6a21e9",
        "is_secret": false,
        "is_verified": false,
        "line_number": 581,
        "type": "Base64 High Entropy String",
        "verified_result": null
      },
      {
        "hashed_secret": "1508bbaf29927b5348d4df62823dab122a0d3b48",
        "is_secret": false,
        "is_verified": false,
        "line_number": 586,
        "type": "Base64 High Entropy String",
        "verified_result": null
      },
      {
        "hashed_secret": "edb81778ed5fee48cae4e8a8b8d1793b9e9e7663",
        "is_secret": false,
        "is_verified": false,
        "line_number": 591,
        "type": "Base64 High Entropy String",
        "verified_result": null
      },
      {
        "hashed_secret": "21194e556cc6a23d3903b12189b0b9cd1050f2e5",
        "is_secret": false,
        "is_verified": false,
        "line_number": 614,
        "type": "Base64 High Entropy String",
        "verified_result": null
      },
      {
        "hashed_secret": "805d9656080308c11cde7cb7f0310e12c7e60c48",
        "is_secret": false,
        "is_verified": false,
        "line_number": 622,
        "type": "Base64 High Entropy String",
        "verified_result": null
      },
      {
        "hashed_secret": "ca9671a0948519aefcd2ec2428e9a187e79113e3",
        "is_secret": false,
        "is_verified": false,
        "line_number": 627,
        "type": "Base64 High Entropy String",
        "verified_result": null
      },
      {
        "hashed_secret": "764de27ad572b13ce971b7897fd119148eb73005",
        "is_secret": false,
        "is_verified": false,
        "line_number": 641,
        "type": "Base64 High Entropy String",
        "verified_result": null
      },
      {
        "hashed_secret": "bae67d3ce231086fba18abc7365c94878f900c14",
        "is_secret": false,
        "is_verified": false,
        "line_number": 657,
        "type": "Base64 High Entropy String",
        "verified_result": null
      },
      {
        "hashed_secret": "d7fe792e98c429bbf2858d7dbf7fe15040c0b1b0",
        "is_secret": false,
        "is_verified": false,
        "line_number": 662,
        "type": "Base64 High Entropy String",
        "verified_result": null
      },
      {
        "hashed_secret": "6057a244d926cc3fac60c38cc276e3a75c45e178",
        "is_secret": false,
        "is_verified": false,
        "line_number": 676,
        "type": "Base64 High Entropy String",
        "verified_result": null
      },
      {
        "hashed_secret": "a6d813aa7164341218d80a2b625ff1b254fa10c3",
        "is_secret": false,
        "is_verified": false,
        "line_number": 684,
        "type": "Base64 High Entropy String",
        "verified_result": null
      },
      {
        "hashed_secret": "955d2d24c472b4eb0b4488f935a0f65e38001df8",
        "is_secret": false,
        "is_verified": false,
        "line_number": 692,
        "type": "Base64 High Entropy String",
        "verified_result": null
      },
      {
        "hashed_secret": "292b56ccb1313ea50f4d1bf0efc7f2b04670fe73",
        "is_secret": false,
        "is_verified": false,
        "line_number": 704,
        "type": "Base64 High Entropy String",
        "verified_result": null
      },
      {
        "hashed_secret": "4885a73ae27294938a483e855613b49825a795e8",
        "is_secret": false,
        "is_verified": false,
        "line_number": 712,
        "type": "Base64 High Entropy String",
        "verified_result": null
      },
      {
        "hashed_secret": "f436e5e80e3407aed61c6a5d0463a46e0da536d8",
        "is_secret": false,
        "is_verified": false,
        "line_number": 720,
        "type": "Base64 High Entropy String",
        "verified_result": null
      },
      {
        "hashed_secret": "03edbe2e35e4244d03ec1f59ae4b9e86cb180365",
        "is_secret": false,
        "is_verified": false,
        "line_number": 728,
        "type": "Base64 High Entropy String",
        "verified_result": null
      }
    ]
  },
  "version": "0.13.1+ibm.64.dss",
  "word_list": {
    "file": null,
    "hash": null
  }
}
